// Jest Snapshot v1, https://goo.gl/fbAQLP

exports[`App component renders App 1`] = `
<DocumentFragment>
  <div
    class="App"
  >
    <img
      alt="Loading"
      src="https://media.giphy.com/media/jyanYxvGz3MOc/giphy.gif"
    />
  </div>
</DocumentFragment>
`;
